Opened database successfully
========================================
       ELEGANT POS SYSTEM (MVP)         
========================================

[1] View Menu & Order
[2] View Current Cart
[3] Checkout
[4] Exit
> Select Option: 
--- PRODUCT MENU ---
ID   Name                Price     Category
----------------------------------------
1    Nasi Goreng         25000     Food
2    Mie Goreng          22000     Food
3    Es Teh Manis        5000      Beverage
4    Kopi Hitam          8000      Beverage

Enter Product ID (0 to cancel): Enter Quantity: Item added to cart.
========================================
       ELEGANT POS SYSTEM (MVP)         
========================================

[1] View Menu & Order
[2] View Current Cart
[3] Checkout
[4] Exit
> Select Option: 
--- CURRENT CART ---
Item                Qty       Subtotal
----------------------------------------
Nasi Goreng         2         50000
----------------------------------------
TOTAL: 50000
========================================
       ELEGANT POS SYSTEM (MVP)         
========================================

[1] View Menu & Order
[2] View Current Cart
[3] Checkout
[4] Exit
> Select Option: 
--- CURRENT CART ---
Item                Qty       Subtotal
----------------------------------------
Nasi Goreng         2         50000
----------------------------------------
TOTAL: 50000

Confirm Checkout? (y/n): 
Transaction Successful! Order saved.
========================================
       ELEGANT POS SYSTEM (MVP)         
========================================

[1] View Menu & Order
[2] View Current Cart
[3] Checkout
[4] Exit
> Select Option: Exiting...
